OR_D_3_ZG_strand2 D11_G

OR_D_3_ZG_strand1 D11_Z

OR_D_3_XYG_strand2 C11_Z

OR_D_3_XYG_strand1 B11_Z

OR_D_2_ZG_strand1 D10_Z

OR_D_2_YG_c_strand1 C10_Z

OR_D_2_YG_a_strand2 D10_G

OR_D_1_ZG_strand1 D01_Z

OR_D_1_XYG_aa_strand1 B00_Z

OR_D_1_XG_a_strand2 D01_G

OR_D_0_ZG_strand1 D00_Z

OR_D_0_YG_b_strand2 D00_G

OR_D_0_YG_b_strand1 C01_Z

OR_D_0_XYG_ca_strand2 C00_Z

OR_D_0_XYG_ca_strand1 B10_Z

OR_D_0_XYG_bb_strand1 B01_Z

NOT_F_1_strand2 F1_NG

NOT_F_0_strand2 F0_NG

NOT_E_1_strand2 E1_NG

NOT_E_0_strand2 E0_NG

MB_strand MB

BIT_G_1_strand G1_Z

BIT_G_0_strand G0_Z

BIT_A_1_strand A1_Z

BIT_A_0_strand A0_Z

AND_C_3_YG_strand1 F1_Z

AND_C_3_XG_strand2 C11_G

AND_C_2_YG_strand2 C10_G

AND_C_1_XG_strand2 C01_G

AND_C_0_YG_strand2 C00_G

AND_C_0_YG_strand1 F0_Z

AND_B_3_YG_strand2 B11_G

AND_B_3_XG_strand1 E1_Z

AND_B_2_XG_strand2 B10_G

AND_B_1_YG_strand2 B01_G

AND_B_0_XG_strand2 B00_G

AND_B_0_XG_strand1 E0_Z
%checkMapPattern_Here%
B00_Z,D10_Z
B00_Z,D10_G
B00_G,D10_Z
B00_G,D10_G
B00_Z,D11_Z
B00_Z,D11_G
B00_G,D11_Z
B00_G,D11_G
B01_Z,D10_Z
B01_Z,D10_G
B01_G,D10_Z
B01_G,D10_G
B01_Z,D11_Z
B01_Z,D11_G
B01_G,D11_Z
B01_G,D11_G
B10_Z,D10_Z
B10_Z,D10_G
B10_G,D10_Z
B10_G,D10_G
B10_Z,D11_Z
B10_Z,D11_G
B10_G,D11_Z
B10_G,D11_G
B11_Z,D00_Z
B11_Z,D00_G
B11_G,D00_Z
B11_G,D00_G
B11_Z,D01_Z
B11_Z,D01_G
B11_G,D01_Z
B11_G,D01_G
C00_Z,D01_Z
C00_Z,D01_G
C00_G,D01_Z
C00_G,D01_G
C00_Z,D11_Z
C00_Z,D11_G
C00_G,D11_Z
C00_G,D11_G
C01_Z,D01_Z
C01_Z,D01_G
C01_G,D01_Z
C01_G,D01_G
C01_Z,D11_Z
C01_Z,D11_G
C01_G,D11_Z
C01_G,D11_G
C10_Z,D01_Z
C10_Z,D01_G
C10_G,D01_Z
C10_G,D01_G
C10_Z,D11_Z
C10_Z,D11_G
C10_G,D11_Z
C10_G,D11_G
C11_Z,D00_Z
C11_Z,D00_G
C11_G,D00_Z
C11_G,D00_G
C11_Z,D10_Z
C11_Z,D10_G
C11_G,D10_Z
C11_G,D10_G
E0_Z,B10_Z
E0_Z,B10_G
E0_NG,B10_Z
E0_NG,B10_G
E0_Z,B11_Z
E0_Z,B11_G
E0_NG,B11_Z
E0_NG,B11_G
E1_Z,B00_Z
E1_Z,B00_G
E1_NG,B00_Z
E1_NG,B00_G
E1_Z,B01_Z
E1_Z,B01_G
E1_NG,B01_Z
E1_NG,B01_G
F0_Z,C01_Z
F0_Z,C01_G
F0_NG,C01_Z
F0_NG,C01_G
F0_Z,C11_Z
F0_Z,C11_G
F0_NG,C11_Z
F0_NG,C11_G
F1_Z,C00_Z
F1_Z,C00_G
F1_NG,C00_Z
F1_NG,C00_G
F1_Z,C10_Z
F1_Z,C10_G
F1_NG,C10_Z
F1_NG,C10_G
G0_Z,C10_Z
G0_Z,C10_G
G0_Z,C11_Z
G0_Z,C11_G
G1_Z,C00_Z
G1_Z,C00_G
G1_Z,C01_Z
G1_Z,C01_G
G0_Z,E0_Z
G0_Z,E0_NG
G1_Z,E1_Z
G1_Z,E1_NG
A0_Z,B01_Z
A0_Z,B01_G
A0_Z,B11_Z
A0_Z,B11_G
A1_Z,B00_Z
A1_Z,B00_G
A1_Z,B10_Z
A1_Z,B10_G
A0_Z,F0_Z
A0_Z,F0_NG
A1_Z,F1_Z
A1_Z,F1_NG
